// Vitest Snapshot v1, https://vitest.dev/guide/snapshot.html

exports[`DailyDeal > generates the same deals as last build > 2023-01-01 1`] = `
[
  {
    "amount1": 1,
    "amount2": 1,
    "item1": "Max Revive",
    "item2": "Fossilized Dino",
  },
  {
    "amount1": 1,
    "amount2": 1,
    "item1": "Iron Ball",
    "item2": "Armor Fossil",
  },
  {
    "amount1": 1,
    "amount2": 1,
    "item1": "Fossilized Drake",
    "item2": "Red Shard",
  },
  {
    "amount1": 1,
    "amount2": 1,
    "item1": "Max Revive",
    "item2": "Splash Plate",
  },
  {
    "amount1": 1,
    "amount2": 1,
    "item1": "Insect Plate",
    "item2": "Red Shard",
  },
  {
    "amount1": 1,
    "amount2": 1,
    "item1": "Heat Rock",
    "item2": "Slate Shard",
  },
  {
    "amount1": 1,
    "amount2": 1,
    "item1": "Star Piece",
    "item2": "Odd Keystone",
  },
  {
    "amount1": 1,
    "amount2": 1,
    "item1": "Meadow Plate",
    "item2": "Purple Shard",
  },
  {
    "amount1": 1,
    "amount2": 1,
    "item1": "Claw Fossil",
    "item2": "Slate Shard",
  },
  {
    "amount1": 1,
    "amount2": 1,
    "item1": "Revive",
    "item2": "Peat Block",
  },
]
`;

exports[`DailyDeal > generates the same deals as last build > 2023-05-01 1`] = `
[
  {
    "amount1": 1,
    "amount2": 1,
    "item1": "Fossilized Bird",
    "item2": "Max Revive",
  },
  {
    "amount1": 1,
    "amount2": 1,
    "item1": "Odd Keystone",
    "item2": "Hard Stone",
  },
  {
    "amount1": 1,
    "amount2": 1,
    "item1": "Icy Rock",
    "item2": "Ice Stone",
  },
  {
    "amount1": 1,
    "amount2": 1,
    "item1": "Icicle Plate",
    "item2": "Cyan Shard",
  },
  {
    "amount1": 1,
    "amount2": 1,
    "item1": "Spooky Plate",
    "item2": "Blue Shard",
  },
  {
    "amount1": 1,
    "amount2": 1,
    "item1": "Sky Plate",
    "item2": "Star Piece",
  },
  {
    "amount1": 1,
    "amount2": 1,
    "item1": "Fossilized Dino",
    "item2": "Skull Fossil",
  },
  {
    "amount1": 1,
    "amount2": 1,
    "item1": "Light Clay",
    "item2": "Rare Bone",
  },
  {
    "amount1": 1,
    "amount2": 1,
    "item1": "Odd Keystone",
    "item2": "Draco Plate",
  },
  {
    "amount1": 1,
    "amount2": 1,
    "item1": "Draco Plate",
    "item2": "Fossilized Fish",
  },
]
`;

exports[`DailyDeal > generates the same deals as last build > 2023-09-01 1`] = `
[
  {
    "amount1": 1,
    "amount2": 1,
    "item1": "Root Fossil",
    "item2": "Earth Plate",
  },
  {
    "amount1": 1,
    "amount2": 1,
    "item1": "Light Clay",
    "item2": "Blank Plate",
  },
  {
    "amount1": 1,
    "amount2": 1,
    "item1": "Dome Fossil",
    "item2": "Stone Plate",
  },
  {
    "amount1": 1,
    "amount2": 1,
    "item1": "Draco Plate",
    "item2": "Damp Rock",
  },
  {
    "amount1": 1,
    "amount2": 1,
    "item1": "Sky Plate",
    "item2": "Peat Block",
  },
  {
    "amount1": 1,
    "amount2": 1,
    "item1": "Light Clay",
    "item2": "Old Amber",
  },
  {
    "amount1": 1,
    "amount2": 1,
    "item1": "Rare Bone",
    "item2": "Crimson Shard",
  },
  {
    "amount1": 1,
    "amount2": 1,
    "item1": "Hard Stone",
    "item2": "Cover Fossil",
  },
  {
    "amount1": 1,
    "amount2": 1,
    "item1": "Sail Fossil",
    "item2": "Toxic Plate",
  },
  {
    "amount1": 1,
    "amount2": 1,
    "item1": "Fossilized Bird",
    "item2": "Smooth Rock",
  },
]
`;
